// Jest Snapshot v1, https://goo.gl/fbAQLP

exports[`<ModalConfirm /> should render snapshot correctly 1`] = `null`;
