// Jest Snapshot v1, https://goo.gl/fbAQLP

exports[`<Button /> should render snapshot correctly 1`] = `
<div>
  <button
    class="sc-gsnTZi cpAPPq"
    type="button"
  >
    Primary
  </button>
  <button
    class="sc-gsnTZi gWbwPf"
    type="button"
  >
    Secondary
  </button>
  <button
    class="sc-gsnTZi CptMN"
    type="button"
  >
    Error
  </button>
  <button
    class="sc-gsnTZi bnDfIJ"
    type="button"
  >
    Success
  </button>
  <button
    class="sc-gsnTZi bQrWvp"
    type="button"
  >
    <div
      class="sc-bczRLJ jPOBKJ"
    >
      <div
        data-icon-name="spinnerSolid"
        style="display: inline-flex; align-items: center; justify-content: center;"
      >
        <svg
          fill="none"
          height="16px"
          viewBox="0 0 20 20"
          width="16px"
          xmlns="http://www.w3.org/2000/svg"
        >
          <defs />
          <path
            d="M10 1.67A8.33 8.33 0 1018.33 10"
            stroke="currentColor"
            stroke-linecap="round"
            stroke-linejoin="round"
            stroke-width="3"
          />
        </svg>
      </div>
    </div>
  </button>
  <button
    class="sc-gsnTZi bQrWvp"
    disabled=""
    type="button"
  >
    Button disabled
  </button>
</div>
`;
