// Jest Snapshot v1, https://goo.gl/fbAQLP

exports[`<TabSection /> should render snapshot correctly 1`] = `
<section
  class="sc-iBkjds liouGI"
>
  <header
    class="sc-gKXOVf fOIDDk"
  >
    <button
      aria-disabled="false"
      aria-selected="true"
      class="sc-bczRLJ bjlKKu sc-jSMfEi gJEbsC"
      data-tabtarget="0"
      role="tab"
      type="button"
    >
      First tab
    </button>
    <button
      aria-disabled="false"
      aria-selected="false"
      class="sc-bczRLJ bjlKKu sc-jSMfEi gJEbsC"
      data-tabtarget="1"
      role="tab"
      type="button"
    >
      Middle tab
    </button>
    <button
      aria-disabled="false"
      aria-selected="false"
      class="sc-bczRLJ bjlKKu sc-jSMfEi gJEbsC"
      data-tabtarget="2"
      role="tab"
      type="button"
    >
      Last tab
    </button>
  </header>
  This is my first tab
</section>
`;
