// Jest Snapshot v1, https://goo.gl/fbAQLP

exports[`<Tooltip /> should render snapshot correctly 1`] = `
<div
  class="sc-bczRLJ cyTKsW"
>
  <button
    type="button"
  >
    hover me
  </button>
</div>
`;
