// Jest Snapshot v1, https://goo.gl/fbAQLP

exports[`<Dropdown /> should render snapshot correctly 1`] = `
<div
  class="sc-bczRLJ jIyjKK custom-classname"
>
  <div
    class="sc-gsnTZi"
  >
    <button
      type="button"
    >
      Click me!
    </button>
  </div>
</div>
`;
