// Jest Snapshot v1, https://goo.gl/fbAQLP

exports[`Pill Component should render basic Pill Component correctly 1`] = `
<div>
  <div
    class="sc-dkPtRN chlKdc"
  >
    <p
      class="sc-gsDKAQ eHDJig"
    >
      test
    </p>
  </div>
  <div
    class="sc-dkPtRN cVnAYw"
  >
    <p
      class="sc-gsDKAQ eHDJig"
    >
      test actived
    </p>
  </div>
</div>
`;

exports[`Pill Component should render icons of Pill Component correctly 1`] = `
<div>
  <div
    class="sc-dkPtRN chlKdc"
  >
    <p
      class="sc-gsDKAQ eHDJig"
    >
      has closed
    </p>
    <div
      class="sc-bdvvtL hZeSqt sc-hKwDye sc-jRQBWg bhCFhM fmYyGE"
      data-icon-name="close"
    >
      <svg
        fill="none"
        viewBox="0 0 24 24"
        xmlns="http://www.w3.org/2000/svg"
      >
        <path
          d="M6 6L18.7742 18.7742"
          stroke="currentColor"
          stroke-linecap="round"
          stroke-linejoin="round"
          stroke-width="2"
        />
        <path
          d="M6 18.7742L18.7742 5.99998"
          stroke="currentColor"
          stroke-linecap="round"
          stroke-linejoin="round"
          stroke-width="2"
        />
      </svg>
    </div>
  </div>
  <div
    class="sc-dkPtRN chlKdc"
  >
    <div
      class="sc-bdvvtL iEQYcl sc-hKwDye sc-eCImPb bhCFhM hWCMKE"
      data-icon-name="check"
    >
      <svg
        fill="none"
        viewBox="0 0 18 13"
        xmlns="http://www.w3.org/2000/svg"
      >
        <path
          d="M17 1L6 12L1 7"
          stroke="currentColor"
          stroke-linecap="round"
          stroke-linejoin="round"
          stroke-width="2"
        />
      </svg>
    </div>
    <p
      class="sc-gsDKAQ eHDJig"
    >
      checked
    </p>
  </div>
  <div
    class="sc-dkPtRN chlKdc"
  >
    <div
      class="sc-bdvvtL iEQYcl sc-hKwDye sc-eCImPb bhCFhM hWCMKE"
      data-icon-name="check"
    >
      <svg
        fill="none"
        viewBox="0 0 18 13"
        xmlns="http://www.w3.org/2000/svg"
      >
        <path
          d="M17 1L6 12L1 7"
          stroke="currentColor"
          stroke-linecap="round"
          stroke-linejoin="round"
          stroke-width="2"
        />
      </svg>
    </div>
    <p
      class="sc-gsDKAQ eHDJig"
    >
      checked and has closed
    </p>
    <div
      class="sc-bdvvtL hZeSqt sc-hKwDye sc-jRQBWg bhCFhM fmYyGE"
      data-icon-name="close"
    >
      <svg
        fill="none"
        viewBox="0 0 24 24"
        xmlns="http://www.w3.org/2000/svg"
      >
        <path
          d="M6 6L18.7742 18.7742"
          stroke="currentColor"
          stroke-linecap="round"
          stroke-linejoin="round"
          stroke-width="2"
        />
        <path
          d="M6 18.7742L18.7742 5.99998"
          stroke="currentColor"
          stroke-linecap="round"
          stroke-linejoin="round"
          stroke-width="2"
        />
      </svg>
    </div>
  </div>
</div>
`;
