// Jest Snapshot v1, https://goo.gl/fbAQLP

exports[`<Stepper /> should render snapshot correctly 1`] = `
.c0 {
  width: 100%;
  display: -webkit-box;
  display: -webkit-flex;
  display: -ms-flexbox;
  display: flex;
  font-family: Poppins,sans-serif;
}

.c2 {
  width: 32px;
  height: 32px;
  display: -webkit-box;
  display: -webkit-flex;
  display: -ms-flexbox;
  display: flex;
  -webkit-align-items: center;
  -webkit-box-align: center;
  -ms-flex-align: center;
  align-items: center;
  -webkit-box-pack: center;
  -webkit-justify-content: center;
  -ms-flex-pack: center;
  justify-content: center;
  border-radius: 50%;
  font-weight: 700;
  z-index: 1;
  color: #F7F7FC;
  background-color: #0080EB;
}

.c4 {
  width: 32px;
  height: 32px;
  display: -webkit-box;
  display: -webkit-flex;
  display: -ms-flexbox;
  display: flex;
  -webkit-align-items: center;
  -webkit-box-align: center;
  -ms-flex-align: center;
  align-items: center;
  -webkit-box-pack: center;
  -webkit-justify-content: center;
  -ms-flex-pack: center;
  justify-content: center;
  border-radius: 50%;
  font-weight: 700;
  z-index: 1;
  color: #6E7191;
  background-color: #D9DBE9;
}

.c1 {
  display: -webkit-box;
  display: -webkit-flex;
  display: -ms-flexbox;
  display: flex;
  -webkit-flex: 1;
  -ms-flex: 1;
  flex: 1;
  -webkit-flex-direction: column;
  -ms-flex-direction: column;
  flex-direction: column;
  -webkit-align-items: center;
  -webkit-box-align: center;
  -ms-flex-align: center;
  align-items: center;
  position: relative;
}

.c1::after {
  content: '';
  width: 100%;
  height: 2px;
  position: absolute;
  top: 16px;
  left: 50%;
  background-color: #D9DBE9;
}

.c3 {
  display: -webkit-box;
  display: -webkit-flex;
  display: -ms-flexbox;
  display: flex;
  -webkit-flex: 1;
  -ms-flex: 1;
  flex: 1;
  -webkit-flex-direction: column;
  -ms-flex-direction: column;
  flex-direction: column;
  -webkit-align-items: center;
  -webkit-box-align: center;
  -ms-flex-align: center;
  align-items: center;
  position: relative;
}

<div
  aria-valuemax="2"
  aria-valuemin="0"
  aria-valuenow="1"
  class="c0"
  role="progressbar"
>
  <div
    class="c1"
  >
    <div
      class="c2"
    >
      1
    </div>
  </div>
  <div
    class="c3"
  >
    <div
      class="c4"
    >
      2
    </div>
  </div>
</div>
`;
