// Jest Snapshot v1, https://goo.gl/fbAQLP

exports[`<IncrementStepper /> should render snapshot correctly 1`] = `
<div>
  <div
    class="sc-gsnTZi kSpyNm"
  >
    <button
      class="sc-bczRLJ bjlKKu sc-hKMtZM eprRJL"
      type="button"
    >
      <div
        data-icon-name="minus"
        style="display: inline-flex; align-items: center; justify-content: center;"
      >
        <svg
          fill="none"
          height="10px"
          viewBox="0 0 21 2"
          width="10px"
          xmlns="http://www.w3.org/2000/svg"
        >
          <path
            d="M1.79199 1L20.0003 1"
            stroke="currentColor"
            stroke-linecap="round"
            stroke-linejoin="round"
            stroke-width="2"
          />
        </svg>
      </div>
    </button>
    <input
      class="sc-dkzDqf cSmgyH"
      type="text"
      value="10"
    />
    <button
      class="sc-bczRLJ bjlKKu sc-hKMtZM eprRJL"
      type="button"
    >
      <div
        data-icon-name="plus"
        style="display: inline-flex; align-items: center; justify-content: center;"
      >
        <svg
          fill="none"
          height="10px"
          viewBox="0 0 20 20"
          width="10px"
          xmlns="http://www.w3.org/2000/svg"
        >
          <path
            d="M10 1V19"
            stroke="currentColor"
            stroke-linecap="round"
            stroke-linejoin="round"
            stroke-width="2"
          />
          <path
            d="M1 10L19 10"
            stroke="currentColor"
            stroke-linecap="round"
            stroke-linejoin="round"
            stroke-width="2"
          />
        </svg>
      </div>
    </button>
  </div>
</div>
`;
