// Jest Snapshot v1, https://goo.gl/fbAQLP

exports[`<Avatar /> should render snapshot correctly 1`] = `
<div
  class="sc-bdvvtL iMtUhn"
>
  <figure>
    <img
      alt=""
      src="https://randomuser.me/api/portraits/women/42.jpg"
    />
  </figure>
</div>
`;
