// Jest Snapshot v1, https://goo.gl/fbAQLP

exports[`<Table /> should render snapshot correctly 1`] = `
<ul
  class="sc-bdvvtL cvfeBv"
>
  <li
    class="sc-eCImPb dfihNe"
  >
    <div
      class="sc-jRQBWg efedTK"
    >
      <div
        class="sc-hKwDye eDPjSw wc-table-cell wc-table-cell-solid"
      >
        <div>
          Head 1
        </div>
      </div>
      <div
        class="sc-hKwDye eDPjSw wc-table-cell wc-table-cell-solid"
      >
        <div>
          Head 2
        </div>
      </div>
      <div
        class="sc-hKwDye eDPjSw wc-table-cell wc-table-cell-solid"
      >
        <div>
          Head 3
        </div>
      </div>
      <div
        class="sc-hKwDye eDPjSw wc-table-cell wc-table-cell-solid"
      >
        <div>
          Head 4
        </div>
      </div>
    </div>
  </li>
  <li
    class="sc-gsDKAQ cVUWzY"
    role="button"
  >
    <div
      class="sc-dkPtRN oQTeg"
    >
      <div
        class="sc-hKwDye hKxfRJ wc-table-cell"
      >
        <div>
          Warning
        </div>
      </div>
      <div
        class="sc-hKwDye eDPjSw wc-table-cell wc-table-cell-solid"
      >
        <div>
          Clickable
        </div>
      </div>
      <div
        class="sc-hKwDye eDPjSw wc-table-cell wc-table-cell-solid"
      >
        <div>
          Item 3
        </div>
      </div>
      <div
        class="sc-hKwDye eDPjSw wc-table-cell wc-table-cell-solid"
      >
        <div>
          Proin viverra justo vitae aliquam pulvinar. Interdum et malesuada fames ac ante ipsum primis in faucibus.
        </div>
      </div>
    </div>
  </li>
  <li
    class="sc-gsDKAQ UKGbb"
  >
    <div
      class="sc-dkPtRN oQTeg"
    >
      <div
        class="sc-hKwDye hKxfRJ wc-table-cell"
      >
        <div>
          Error!
        </div>
      </div>
      <div
        class="sc-hKwDye eDPjSw wc-table-cell wc-table-cell-solid"
      >
        <div>
          Item 2
        </div>
      </div>
      <div
        class="sc-hKwDye eDPjSw wc-table-cell wc-table-cell-solid"
      >
        <div>
          Item 3
        </div>
      </div>
      <div
        class="sc-hKwDye eDPjSw wc-table-cell wc-table-cell-solid"
      >
        <div>
          Phasellus vel velit et mi eleifend dignissim. Duis vitae mi magna. Proin in feugiat urna.
        </div>
      </div>
    </div>
  </li>
  <li
    class="sc-gsDKAQ bcAwMB"
  >
    <div
      class="sc-dkPtRN oQTeg"
    >
      <div
        class="sc-hKwDye hKxfRJ wc-table-cell"
      >
        <div>
          Item 1
        </div>
      </div>
      <div
        class="sc-hKwDye eDPjSw wc-table-cell wc-table-cell-solid"
      >
        <div>
          Item 2
        </div>
      </div>
      <div
        class="sc-hKwDye eDPjSw wc-table-cell wc-table-cell-solid"
      >
        <div>
          Item 3
        </div>
      </div>
      <div
        class="sc-hKwDye eDPjSw wc-table-cell wc-table-cell-solid"
      >
        <div>
          Orci varius natoque penatibus et magnis dis parturient montes, nascetur ridiculus mus.
        </div>
      </div>
    </div>
  </li>
  <li
    class="sc-gsDKAQ fNypaA"
  >
    <div
      class="sc-dkPtRN oQTeg"
    >
      <div
        class="sc-hKwDye eDPjSw wc-table-cell wc-table-cell-solid"
      >
        <div>
          Item 1
        </div>
      </div>
      <div
        class="sc-hKwDye eDPjSw wc-table-cell wc-table-cell-solid"
      >
        <div>
          Item 2
        </div>
      </div>
      <div
        class="sc-hKwDye eDPjSw wc-table-cell wc-table-cell-solid"
      >
        <div>
          Item 3
        </div>
      </div>
      <div
        class="sc-hKwDye eDPjSw wc-table-cell wc-table-cell-solid"
      >
        <div>
          Nulla iaculis, erat ultrices egestas pretium, metus augue efficitur massa, blandit elementum arcu dolor at erat.
        </div>
      </div>
    </div>
  </li>
  <li
    class="sc-gsDKAQ fNypaA"
  >
    <div
      class="sc-dkPtRN oQTeg"
    >
      <div
        class="sc-hKwDye eDPjSw wc-table-cell wc-table-cell-solid"
      >
        <div>
          Item 1
        </div>
      </div>
      <div
        class="sc-hKwDye eDPjSw wc-table-cell wc-table-cell-solid"
      >
        <div>
          Item 2
        </div>
      </div>
      <div
        class="sc-hKwDye eDPjSw wc-table-cell wc-table-cell-solid"
      >
        <div>
          Item 3
        </div>
      </div>
      <div
        class="sc-hKwDye eDPjSw wc-table-cell wc-table-cell-solid"
      >
        <div>
          Item 4
        </div>
      </div>
    </div>
  </li>
  <li
    class="sc-gsDKAQ iRVJcu"
  >
    <div
      class="sc-dkPtRN dGrlTs"
    >
      <div
        class="sc-hKwDye eDPjSw wc-table-cell wc-table-cell-solid"
      >
        Item 1
      </div>
      <div
        class="sc-hKwDye eDPjSw wc-table-cell wc-table-cell-solid"
      >
        Item 2
      </div>
    </div>
  </li>
</ul>
`;
