// Jest Snapshot v1, https://goo.gl/fbAQLP

exports[`<Loading /> should render snapshot correctly 1`] = `
<div
  class="sc-gsDKAQ cbKTir"
>
  <div
    class="sc-bdvvtL bYGNWJ"
    data-icon-name="spinnerSolid"
  >
    <div>
      mock svg
    </div>
  </div>
</div>
`;
